[beautifytools.com/index.html]
[backblue.gif]
[fade.gif]
[index.html]
[beautifytools.com/detroitchicago/boise.js]
[beautifytools.com/detroitchicago/boise7697.js]
[beautifytools.com/detroitchicago/memphis.js]
[beautifytools.com/detroitchicago/memphis1dcc.js]
[beautifytools.com/detroitchicago/minneapolis.js]
[beautifytools.com/detroitchicago/minneapolis42b7.js]
[beautifytools.com/detroitchicago/rochester.js]
[beautifytools.com/detroitchicago/rochester0d65.js]
[beautifytools.com/detroitchicago/raleigh.js]
[beautifytools.com/detroitchicago/raleigh45f7.js]
[beautifytools.com/detroitchicago/tampa.js]
[beautifytools.com/detroitchicago/tampa453e.js]
[beautifytools.com/detroitchicago/tulsa.js]
[beautifytools.com/detroitchicago/tulsa45f7.js]
[beautifytools.com/img/favicon.ico]
[beautifytools.com/css/bootstrap.min.css]
[beautifytools.com/css/bootstrap-theme.min.css]
[beautifytools.com/css/jquery-ui.structure.min.css]
[beautifytools.com/css/common.css]
[beautifytools.com/samples.html]
[beautifytools.com/contact-us.html]
[beautifytools.com/css-beautifier.html]
[beautifytools.com/html-beautifier.html]
[beautifytools.com/css-minifier.html]
[beautifytools.com/html-minifier.html]
[beautifytools.com/javascript-beautifier.html]
[beautifytools.com/javascript-minifier.html]
[beautifytools.com/javascript-obfuscator.html]
[beautifytools.com/json-beautifier.html]
[beautifytools.com/json-minifier.html]
[beautifytools.com/opml-beautifier.html]
[beautifytools.com/opml-minifier.html]
[beautifytools.com/php-beautifier.html]
[beautifytools.com/xml-beautifier.html]
[beautifytools.com/xml-minifier.html]
[beautifytools.com/less-compiler.html]
[beautifytools.com/scss-compiler.html]
[beautifytools.com/sass-compiler.html]
[beautifytools.com/stylus-compiler.html]
[beautifytools.com/css-to-less-converter.html]
[beautifytools.com/css-to-scss-converter.html]
[beautifytools.com/css-to-stylus-converter.html]
[beautifytools.com/acceleration-converter.html]
[beautifytools.com/area-converter.html]
[beautifytools.com/density-and-mass-capacity-converter.html]
[beautifytools.com/digital-storage-converter.html]
[beautifytools.com/electricity-converter.html]
[beautifytools.com/energy-converter.html]
[beautifytools.com/force-converter.html]
[beautifytools.com/force-length-converter.html]
[beautifytools.com/length-converter.html]
[beautifytools.com/light-converter.html]
[beautifytools.com/mass-converter.html]
[beautifytools.com/mass-flow-converter.html]
[beautifytools.com/power-converter.html]
[beautifytools.com/pressure-and-stress-converter.html]
[beautifytools.com/temperature-converter.html]
[beautifytools.com/time-converter.html]
[beautifytools.com/torque-converter.html]
[beautifytools.com/velocity-and-speed-converter.html]
[beautifytools.com/viscosity-converter.html]
[beautifytools.com/volume-and-capacity-converter.html]
[beautifytools.com/volume-flow-converter.html]
[beautifytools.com/csv-to-html-converter.html]
[beautifytools.com/csv-to-json-converter.html]
[beautifytools.com/csv-to-multi-line-data-converter.html]
[beautifytools.com/csv-to-sql-converter.html]
[beautifytools.com/csv-to-xml-converter.html]
[beautifytools.com/csv-to-xml-json-converter.html]
[beautifytools.com/excel-to-csv-converter.html]
[beautifytools.com/excel-to-formula-view.html]
[beautifytools.com/excel-to-html-converter.html]
[beautifytools.com/excel-to-json-converter.html]
[beautifytools.com/excel-to-sql-converter.html]
[beautifytools.com/html-to-csv-converter.html]
[beautifytools.com/html-to-json-converter.html]
[beautifytools.com/html-to-multi-line-data-converter.html]
[beautifytools.com/html-to-sql-converter.html]
[beautifytools.com/html-to-xml-converter.html]
[beautifytools.com/json-to-csv-converter.html]
[beautifytools.com/json-to-html-table-converter.html]
[beautifytools.com/json-to-xml-converter.html]
[beautifytools.com/json-to-yaml-converter.html]
[beautifytools.com/opml-to-json-converter.html]
[beautifytools.com/rss-to-json-converter.html]
[beautifytools.com/sql-to-csv-converter.html]
[beautifytools.com/sql-to-html-converter.html]
[beautifytools.com/sql-to-json-converter.html]
[beautifytools.com/sql-to-xml-converter.html]
[beautifytools.com/sql-to-yaml-converter.html]
[beautifytools.com/xml-to-csv-converter.html]
[beautifytools.com/xml-to-json-converter.html]
[beautifytools.com/xml-to-yaml-converter.html]
[beautifytools.com/yaml-to-xml-json-csv-converter.html]
[beautifytools.com/css-validator.html]
[beautifytools.com/javascript-validator.html]
[beautifytools.com/json-validator.html]
[beautifytools.com/xml-validator.html]
[beautifytools.com/yaml-validator.html]
[beautifytools.com/hash-calculator.html]
[beautifytools.com/hmac-generator.html]
[beautifytools.com/online-code-editor.html]
[beautifytools.com/add-nofollow-to-link.html]
[beautifytools.com/base64-encode-decode.html]
[beautifytools.com/number-converter.html]
[beautifytools.com/currency-converter.html]
[beautifytools.com/date-calculator.html]
[beautifytools.com/diff-viewer.html]
[beautifytools.com/html-decoder.html]
[beautifytools.com/html-encoder.html]
[beautifytools.com/lorem-ipsum-generator.html]
[beautifytools.com/new-line-counter.html]
[beautifytools.com/number-to-word-converter.html]
[beautifytools.com/string-utilities.html]
[beautifytools.com/unix-time-converter.html]
[beautifytools.com/url-decoder.html]
[beautifytools.com/url-encoder.html]
[beautifytools.com/word-counter.html]
[beautifytools.com/html-form-builder.html]
[beautifytools.com/base64-to-image-converter.html]
[beautifytools.com/favicon-generator.html]
[beautifytools.com/htaccess-secure-directory.html]
[beautifytools.com/htaccess-secure-files.html]
[beautifytools.com/image-to-base64-converter.html]
[beautifytools.com/qr-code-generator.html]
[beautifytools.com/torrent-decoder.html]
[beautifytools.com/web-hosting-bandwidth-calculator.html]
[beautifytools.com/alexa-rank-checker.html]
[beautifytools.com/keyword-density-checker.html]
[beautifytools.com/redirect-checker.html]
[beautifytools.com/site-speed-checker.html]
[beautifytools.com/social-popularity-checker.html]
[beautifytools.com/text-to-code-ratio-checker.html]
[beautifytools.com/hostname-lookup.html]
[beautifytools.com/ip-location-finder.html]
[beautifytools.com/mx-lookup.html]
[beautifytools.com/nameserver-lookup.html]
[beautifytools.com/open-port-checker.html]
[beautifytools.com/site-ip-checker.html]
[beautifytools.com/website-location-finder.html]
[www.google-analytics.com/analytics.js]
[beautifytools.com/privacy.html]
[beautifytools.com/js/home.js]
[beautifytools.com/js/jquery-ui-autocomplete.min.js]
[beautifytools.com/js/jquery.min.js]
[beautifytools.com/js/common.js]
[beautifytools.com/audins.95.delayed]
[go.ezoic.net/detroitchicago/audins0d9f.js]
[pixel.quantserve.com/pixel/p-31iz6hfFutd160253.gif]
[beautifytools.com/tardisrocinante/vitals.js]
[beautifytools.com/tardisrocinante/vitals5038.js]
[beautifytools.com/beardeddragon/drake.js]
[beautifytools.com/index.html]
[beautifytools.com/detroitchicago/grapefruit.gif]
[beautifytools.com/porpoiseant/army.gif]
[beautifytools.com/beardeddragon/drake6190.js]
[beautifytools.com/fonts/glyphicons-halflings-regular.eot]
[beautifytools.com/fonts/glyphicons-halflings-regulard41d.eot]
[beautifytools.com/fonts/glyphicons-halflings-regular.woff2]
[beautifytools.com/fonts/glyphicons-halflings-regular.woff]
[beautifytools.com/fonts/glyphicons-halflings-regular.ttf]
[beautifytools.com/css/bootstrap.min.css]
[beautifytools.com/css/bootstrap-theme.min.css]
[beautifytools.com/css/jquery-ui.structure.min.css]
[beautifytools.com/css/home.css]
[beautifytools.com/fonts/glyphicons-halflings-regular.svg]
[beautifytools.com/img/logo.png]
[beautifytools.com/css/common.css]
[beautifytools.com/css/jquery-ui.min.css]
[beautifytools.com/js/jquery-ui.min.js]
[beautifytools.com/js/zclip/jquery.zclip.min.js]
[beautifytools.com/js/ace/src-min-noconflict/ace.js]
[beautifytools.com/js/ace/src-min-noconflict/ext-language_tools.js]
[beautifytools.com/js/samples.js]
[beautifytools.com/samples.html]
[www.google.com/recaptcha/api.js]
[beautifytools.com/contact-us.html]
[beautifytools.com/js/contact_us.js]
[beautifytools.com/js/bootstrap.min.js]
[beautifytools.com/js/FileSaver.min.js]
[beautifytools.com/js/ace/src-min-noconflict/ext-themelist.js]
[beautifytools.com/js/vkbeautify.min.js]
[beautifytools.com/js/cssbeautify.min.js]
[beautifytools.com/js/css_beautifier.js]
[beautifytools.com/utilcave_com/inc/ezcl0e98.webp]
[beautifytools.com/css-beautifier.html]
[beautifytools.com/css-minifier.html]
[beautifytools.com/js/css_minifier.js]
[beautifytools.com/js/js-beautify/js/lib/beautify.js]
[beautifytools.com/js/js-beautify/js/lib/beautify-css.js]
[beautifytools.com/js/js-beautify/js/lib/beautify-html.js]
[beautifytools.com/js/uglify.js]
[beautifytools.com/js/cleancss-browser.js]
[beautifytools.com/js/htmlminifier.min.js]
[beautifytools.com/html-beautifier.html]
[beautifytools.com/js/html_beautifier.js]
[www.ezojs.com/ezoic/ezd.js]
[beautifytools.com/js/relateurl-browser.js]
[beautifytools.com/html-minifier.html]
[beautifytools.com/js/html_minifier.js]
[beautifytools.com/js/js-beautify/js/lib/unpackers/javascriptobfuscator_unpacker.js]
[beautifytools.com/js/js-beautify/js/lib/unpackers/urlencode_unpacker.js]
[beautifytools.com/js/js-beautify/js/lib/unpackers/p_a_c_k_e_r_unpacker.js]
[beautifytools.com/js/js-beautify/js/lib/unpackers/myobfuscate_unpacker.js]
[beautifytools.com/js/UglifyJS2/lib/utils.js]
[beautifytools.com/js/UglifyJS2/lib/ast.js]
[beautifytools.com/js/UglifyJS2/lib/parse.js]
[beautifytools.com/js/UglifyJS2/lib/transform.js]
[beautifytools.com/js/UglifyJS2/lib/scope.js]
[beautifytools.com/js/UglifyJS2/lib/output.js]
[beautifytools.com/js/UglifyJS2/lib/compress.js]
[beautifytools.com/javascript-beautifier.html]
[beautifytools.com/js/javascript_beautifier.js]
[beautifytools.com/javascript-minifier.html]
[beautifytools.com/js/javascript_minifier.js]
[beautifytools.com/js/javascript_obfuscator.js]
[beautifytools.com/javascript-obfuscator.html]
[beautifytools.com/js/json_beautifier.js]
[beautifytools.com/json-beautifier.html]
[beautifytools.com/json-minifier.html]
[beautifytools.com/js/json_minifier.js]
[beautifytools.com/js/opml_beautifier.js]
[beautifytools.com/opml-beautifier.html]
[beautifytools.com/opml-minifier.html]
[beautifytools.com/js/opml_minifier.js]
[beautifytools.com/php-beautifier.html]
[beautifytools.com/js/php_beautifier.js]
[beautifytools.com/xml-beautifier.html]
[beautifytools.com/js/xml_beautifier.js]
[beautifytools.com/xml-minifier.html]
[beautifytools.com/js/xml_minifier.js]
[beautifytools.com/js/less.min.js]
[beautifytools.com/less-compiler.html]
[beautifytools.com/js/less_compiler.js]
[beautifytools.com/js/sass/sass.js]
[beautifytools.com/scss-compiler.html]
[beautifytools.com/js/scss_compiler.js]
[beautifytools.com/sass-compiler.html]
[beautifytools.com/js/sass_compiler.js]
[beautifytools.com/js/stylus.min.js]
[beautifytools.com/js/stylus_compiler.js]
[beautifytools.com/stylus-compiler.html]
[beautifytools.com/js/css_to_less_converter.js]
[beautifytools.com/css-to-less-converter.html]
[beautifytools.com/css-to-scss-converter.html]
[beautifytools.com/js/css2stylus.min.js]
[beautifytools.com/css-to-stylus-converter.html]
[beautifytools.com/js/css_to_stylus_converter.js]
[beautifytools.com/js/css_to_scss_converter.js]
[beautifytools.com/acceleration-converter.html]
[beautifytools.com/area-converter.html]
[beautifytools.com/density-and-mass-capacity-converter.html]
[beautifytools.com/digital-storage-converter.html]
[beautifytools.com/electricity-converter.html]
[beautifytools.com/energy-converter.html]
[beautifytools.com/force-converter.html]
[beautifytools.com/force-length-converter.html]
[beautifytools.com/length-converter.html]
[beautifytools.com/light-converter.html]
[beautifytools.com/mass-converter.html]
[beautifytools.com/mass-flow-converter.html]
[beautifytools.com/power-converter.html]
[beautifytools.com/pressure-and-stress-converter.html]
[beautifytools.com/temperature-converter.html]
[beautifytools.com/time-converter.html]
[beautifytools.com/torque-converter.html]
[beautifytools.com/velocity-and-speed-converter.html]
[beautifytools.com/viscosity-converter.html]
[beautifytools.com/volume-and-capacity-converter.html]
[beautifytools.com/volume-flow-converter.html]
[beautifytools.com/js/unit_converter.js]
[beautifytools.com/csv-to-html-converter.html]
[beautifytools.com/js/csv_to_html_converter.js]
[beautifytools.com/js/csv2json.js]
[beautifytools.com/csv-to-json-converter.html]
[beautifytools.com/js/csv_to_json_converter.js]
[beautifytools.com/csv-to-multi-line-data-converter.html]
[beautifytools.com/js/csv_to_multi_line_data_converter.js]
[beautifytools.com/csv-to-sql-converter.html]
[beautifytools.com/js/csv_to_sql_converter.js]
[beautifytools.com/js/json2xml.js]
[beautifytools.com/csv-to-xml-converter.html]
[beautifytools.com/js/csv_to_xml_converter.js]
[beautifytools.com/csv-to-xml-json-converter.html]
[beautifytools.com/js/csv_to_xml_json_converter.js]
[beautifytools.com/js/js-xlsx/ods.js]
[beautifytools.com/excel-to-csv-converter.html]
[beautifytools.com/js/excel_to_csv_converter.js]
[beautifytools.com/js/excel_to_formula_view.js]
[beautifytools.com/excel-to-formula-view.html]
[beautifytools.com/excel-to-html-converter.html]
[beautifytools.com/js/excel_to_html_converter.js]
[beautifytools.com/js/excel_to_json_converter.js]
[beautifytools.com/excel-to-json-converter.html]
[beautifytools.com/excel-to-sql-converter.html]
[beautifytools.com/js/excel_to_sql_converter.js]
[beautifytools.com/html-to-csv-converter.html]
[beautifytools.com/js/html_to_csv_converter.js]
[beautifytools.com/html-to-json-converter.html]
[beautifytools.com/js/html_to_json_converter.js]
[beautifytools.com/html-to-multi-line-data-converter.html]
[beautifytools.com/js/html_to_multi_line_data_converter.js]
[beautifytools.com/html-to-sql-converter.html]
[beautifytools.com/js/html_to_xml_converter.js]
[beautifytools.com/html-to-xml-converter.html]
[beautifytools.com/js/html_to_sql_converter.js]
[beautifytools.com/js/underscore-min.js]
[beautifytools.com/js/csvsup.js]
[beautifytools.com/js/json_to_csv_converter.js]
[beautifytools.com/json-to-csv-converter.html]
[beautifytools.com/js/strsup.js]
[beautifytools.com/json-to-html-table-converter.html]
[beautifytools.com/js/json_to_xml_converter.js]
[beautifytools.com/json-to-xml-converter.html]
[beautifytools.com/js/json_to_html_table_converter.js]
[beautifytools.com/js/json2yaml.js]
[beautifytools.com/js/js-xlsx/xlsx.core.min.js]
[beautifytools.com/json-to-yaml-converter.html]
[beautifytools.com/js/json_to_yaml_converter.js]
[beautifytools.com/js/xml2json.min.js]
[beautifytools.com/opml-to-json-converter.html]
[beautifytools.com/js/opml_to_json_converter.js]
[beautifytools.com/rss-to-json-converter.html]
[beautifytools.com/js/rss_to_json_converter.js]
[beautifytools.com/sql-to-csv-converter.html]
[beautifytools.com/js/sql_to_csv_converter.js]
[beautifytools.com/sql-to-html-converter.html]
[beautifytools.com/js/sql_to_html_converter.js]
[beautifytools.com/sql-to-json-converter.html]
[beautifytools.com/js/sql_to_json_converter.js]
[beautifytools.com/sql-to-xml-converter.html]
[beautifytools.com/js/sql_to_xml_converter.js]
[beautifytools.com/sql-to-yaml-converter.html]
[beautifytools.com/js/sql_to_yaml_converter.js]
[beautifytools.com/xml-to-csv-converter.html]
[beautifytools.com/js/xml_to_csv_converter.js]
[beautifytools.com/js/x2json.min.js]
[beautifytools.com/js/xml_to_json_converter.js]
[beautifytools.com/xml-to-json-converter.html]
[beautifytools.com/xml-to-yaml-converter.html]
[beautifytools.com/js/xml_to_yaml_converter.js]
[beautifytools.com/js/json2.js]
[beautifytools.com/js/yaml.min.js]
[beautifytools.com/yaml-to-xml-json-csv-converter.html]
[beautifytools.com/js/yaml_to_xml_json_csv_converter.js]
[beautifytools.com/js/css_validator.js]
[beautifytools.com/css-validator.html]
[beautifytools.com/js/csslint.js]
[beautifytools.com/js/javascript_validator.js]
[beautifytools.com/javascript-validator.html]
[beautifytools.com/js/jsonlint.min.js]
[beautifytools.com/js/json_validator.js]
[beautifytools.com/json-validator.html]
[beautifytools.com/js/xml_validator.js]
[beautifytools.com/xml-validator.html]
[beautifytools.com/js/jshint.min.js]
[beautifytools.com/yaml-validator.html]
[beautifytools.com/js/yaml_validator.js]
[beautifytools.com/img/loader.gif]
[beautifytools.com/js/hash_calculator.js]
[beautifytools.com/hash-calculator.html]
[beautifytools.com/js/hmac_generator.js]
[beautifytools.com/hmac-generator.html]
[beautifytools.com/js/ace/src-min-noconflict/ext-modelist.js]
[beautifytools.com/online-code-editor.html]
[beautifytools.com/js/online_code_editor.js]
[beautifytools.com/add-nofollow-to-link.html]
[beautifytools.com/js/add_nofollow_to_link.js]
[beautifytools.com/js/base64_encode_decode.js]
[beautifytools.com/base64-encode-decode.html]
[beautifytools.com/js/number_converter.js]
[beautifytools.com/number-converter.html]
[beautifytools.com/js/currency_converter.js]
[beautifytools.com/currency-converter.html]
[beautifytools.com/js/date_calculator.js]
[beautifytools.com/date-calculator.html]
[beautifytools.com/css/diffview.css]
[beautifytools.com/js/diffview.js]
[beautifytools.com/js/difflib.js]
[beautifytools.com/js/diff_viewer.js]
[beautifytools.com/diff-viewer.html]
[beautifytools.com/js/html_decoder.js]
[beautifytools.com/html-decoder.html]
[beautifytools.com/js/html_encoder.js]
[beautifytools.com/html-encoder.html]
[beautifytools.com/js/lorem-ipsum.min.js]
[beautifytools.com/lorem-ipsum-generator.html]
[beautifytools.com/js/lorem_ipsum_generator.js]
[beautifytools.com/js/new_line_counter.js]
[beautifytools.com/new-line-counter.html]
[beautifytools.com/js/number_to_word_converter.js]
[beautifytools.com/number-to-word-converter.html]
[beautifytools.com/js/sql.js]
[beautifytools.com/js/string.min.js]
[beautifytools.com/js/string_utilities.js]
[beautifytools.com/string-utilities.html]
[beautifytools.com/js/unix_time_converter.js]
[beautifytools.com/unix-time-converter.html]
[beautifytools.com/js/url_decoder.js]
[beautifytools.com/url-decoder.html]
[beautifytools.com/js/url_encoder.js]
[beautifytools.com/url-encoder.html]
[beautifytools.com/js/word_counter.js]
[beautifytools.com/word-counter.html]
[ajax.googleapis.com/ajax/libs/jqueryui/1.11.2/jquery-ui.min.js]
[beautifytools.com/html-form-builder.html]
[beautifytools.com/js/html_form_builder.js]
[beautifytools.com/js/base64_to_image_converter.js]
[beautifytools.com/base64-to-image-converter.html]
[beautifytools.com/js/favicon_generator.js]
[beautifytools.com/favicon-generator.html]
[beautifytools.com/js/htaccess_secure_directory.js]
[beautifytools.com/htaccess-secure-directory.html]
[beautifytools.com/js/htaccess_secure_files.js]
[beautifytools.com/htaccess-secure-files.html]
[beautifytools.com/js/image_to_base64_converter.js]
[beautifytools.com/image-to-base64-converter.html]
[beautifytools.com/css/anytime.5.1.2.min.css]
[beautifytools.com/img/temp-qr-image.png]
[beautifytools.com/js/form-builder.min.js]
[beautifytools.com/js/anytime.5.1.2.min.js]
[beautifytools.com/js/anytimetz.5.1.2.js]
[beautifytools.com/js/date.js]
[beautifytools.com/qr-code-generator.html]
[beautifytools.com/js/qr_code_generator.js]
[beautifytools.com/js/torrent_decoder.js]
[beautifytools.com/torrent-decoder.html]
[beautifytools.com/js/web_hosting_bandwidth_calculator.js]
[beautifytools.com/web-hosting-bandwidth-calculator.html]
[beautifytools.com/js/alexa_rank_checker.js]
[beautifytools.com/alexa-rank-checker.html]
[beautifytools.com/js/form-render.min.js]
[beautifytools.com/img/loading.gif]
[beautifytools.com/js/keyword_density_checker.js]
[beautifytools.com/keyword-density-checker.html]
[beautifytools.com/js/redirect_checker.js]
[beautifytools.com/redirect-checker.html]
[beautifytools.com/js/site_speed_checker.js]
[beautifytools.com/site-speed-checker.html]
[beautifytools.com/social-popularity-checker.html]
[beautifytools.com/js/social_popularity_checker.js]
[beautifytools.com/js/text_to_code_ratio_checker.js]
[beautifytools.com/text-to-code-ratio-checker.html]
[beautifytools.com/js/hostname_lookup.js]
[beautifytools.com/hostname-lookup.html]
[beautifytools.com/img/flags/hu.png]
[beautifytools.com/js/ip_location_finder.js]
[beautifytools.com/ip-location-finder.html]
[beautifytools.com/js/mx_lookup.js]
[beautifytools.com/mx-lookup.html]
[beautifytools.com/js/nameserver_lookup.js]
[beautifytools.com/nameserver-lookup.html]
[beautifytools.com/js/open_port_checker.js]
[beautifytools.com/open-port-checker.html]
[beautifytools.com/js/site_ip_checker.js]
[beautifytools.com/site-ip-checker.html]
[beautifytools.com/js/website_location_finder.js]
[beautifytools.com/website-location-finder.html]
[beautifytools.com/privacy.html]
[beautifytools.com/audins.html]
[beautifytools.com/fonts/glyphicons-halflings-regular.svg]
[beautifytools.com/css/images/ui-bg_flat_75_ffffff_40x100.1b4.delayed]
[beautifytools.com/css/images/ui-bg_highlight-soft_75_cccccc_1x100.1b5.delayed]
[beautifytools.com/css/images/ui-bg_glass_75_e6e6e6_1x400.1b6.delayed]
[beautifytools.com/css/images/ui-bg_glass_75_dadada_1x400.1b7.delayed]
[beautifytools.com/css/images/ui-bg_glass_65_ffffff_1x400.1b8.delayed]
[beautifytools.com/css/images/ui-bg_glass_55_fbf9ee_1x400.1b9.delayed]
[beautifytools.com/css/images/ui-bg_glass_95_fef1ec_1x400.1ba.delayed]
[beautifytools.com/css/images/ui-icons_222222_256x240.1bb.delayed]
[beautifytools.com/css/images/ui-icons_888888_256x240.1bc.delayed]
[beautifytools.com/css/images/ui-icons_454545_256x240.1bd.delayed]
[beautifytools.com/css/images/ui-icons_2e83ff_256x240.1be.delayed]
[beautifytools.com/css/images/ui-icons_cd0a0a_256x240.1bf.delayed]
[beautifytools.com/css/images/ui-bg_flat_0_aaaaaa_40x100.1c0.delayed]
[beautifytools.com/css/jquery-ui.min.css]
[beautifytools.com/css/samples.css]
[beautifytools.com/css/contact_us.css]
[beautifytools.com/css/css_beautifier.css]
[beautifytools.com/css/css_minifier.css]
[beautifytools.com/css/html_beautifier.css]
[beautifytools.com/css/html_minifier.css]
[beautifytools.com/css/javascript_beautifier.css]
[beautifytools.com/css/javascript_minifier.css]
[beautifytools.com/css/javascript_obfuscator.css]
[beautifytools.com/css/json_beautifier.css]
[beautifytools.com/css/json_minifier.css]
[beautifytools.com/css/opml_beautifier.css]
[beautifytools.com/css/opml_minifier.css]
[beautifytools.com/css/php_beautifier.css]
[beautifytools.com/css/xml_beautifier.css]
[beautifytools.com/css/xml_minifier.css]
[beautifytools.com/css/less_compiler.css]
[beautifytools.com/css/scss_compiler.css]
[beautifytools.com/css/sass_compiler.css]
[beautifytools.com/css/stylus_compiler.css]
[beautifytools.com/css/css_to_less_converter.css]
[beautifytools.com/css/css_to_scss_converter.css]
[beautifytools.com/css/css_to_stylus_converter.css]
[beautifytools.com/css/unit_converter.css]
[beautifytools.com/css/csv_to_html_converter.css]
[beautifytools.com/css/csv_to_json_converter.css]
[beautifytools.com/css/csv_to_multi_line_data_converter.css]
[beautifytools.com/css/csv_to_sql_converter.css]
[beautifytools.com/css/csv_to_xml_converter.css]
[beautifytools.com/css/csv_to_xml_json_converter.css]
[beautifytools.com/css/excel_to_csv_converter.css]
[beautifytools.com/css/excel_to_formula_view.css]
[beautifytools.com/css/excel_to_html_converter.css]
[beautifytools.com/css/excel_to_json_converter.css]
[beautifytools.com/css/excel_to_sql_converter.css]
[beautifytools.com/css/html_to_csv_converter.css]
[beautifytools.com/css/html_to_json_converter.css]
[beautifytools.com/css/html_to_multi_line_data_converter.css]
[beautifytools.com/css/html_to_sql_converter.css]
[beautifytools.com/css/html_to_xml_converter.css]
[beautifytools.com/css/json_to_csv_converter.css]
[beautifytools.com/css/json_to_html_table_converter.css]
[beautifytools.com/css/json_to_xml_converter.css]
[beautifytools.com/css/json_to_yaml_converter.css]
[beautifytools.com/css/opml_to_json_converter.css]
[beautifytools.com/css/rss_to_json_converter.css]
[beautifytools.com/css/sql_to_csv_converter.css]
[beautifytools.com/css/sql_to_html_converter.css]
[beautifytools.com/css/sql_to_json_converter.css]
[beautifytools.com/css/sql_to_xml_converter.css]
[beautifytools.com/css/sql_to_yaml_converter.css]
[beautifytools.com/css/xml_to_csv_converter.css]
[beautifytools.com/css/xml_to_json_converter.css]
[beautifytools.com/css/xml_to_yaml_converter.css]
[beautifytools.com/css/yaml_to_xml_json_csv_converter.css]
[beautifytools.com/css/css_validator.css]
[beautifytools.com/css/javascript_validator.css]
[beautifytools.com/css/json_validator.css]
[beautifytools.com/css/xml_validator.css]
[beautifytools.com/css/yaml_validator.css]
[beautifytools.com/css/hash_calculator.css]
[beautifytools.com/css/hmac_generator.css]
[beautifytools.com/css/online_code_editor.css]
[beautifytools.com/css/add_nofollow_to_link.css]
[beautifytools.com/css/base64_encode_decode.css]
[beautifytools.com/css/number_converter.css]
[beautifytools.com/css/currency_converter.css]
[beautifytools.com/css/date_calculator.css]
[beautifytools.com/css/diffview.css]
[beautifytools.com/css/diff_viewer.css]
[beautifytools.com/css/html_decoder.css]
[beautifytools.com/css/html_encoder.css]
[beautifytools.com/css/lorem_ipsum_generator.css]
[beautifytools.com/css/new_line_counter.css]
[beautifytools.com/css/number_to_word_converter.css]
[beautifytools.com/css/string_utilities.css]
[beautifytools.com/css/unix_time_converter.css]
[beautifytools.com/css/url_decoder.css]
[beautifytools.com/css/url_encoder.css]
[beautifytools.com/css/word_counter.css]
[beautifytools.com/css/html_form_builder.css]
[beautifytools.com/css/base64_to_image_converter.css]
[beautifytools.com/css/favicon_generator.css]
[beautifytools.com/css/htaccess_secure_directory.css]
[beautifytools.com/css/htaccess_secure_files.css]
[beautifytools.com/css/image_to_base64_converter.css]
[beautifytools.com/css/anytime.5.1.2.min.css]
[beautifytools.com/css/qr_code_generator.css]
[beautifytools.com/css/torrent_decoder.css]
[beautifytools.com/css/web_hosting_bandwidth_calculator.css]
[beautifytools.com/css/alexa_rank_checker.css]
[beautifytools.com/css/keyword_density_checker.css]
[beautifytools.com/css/redirect_checker.css]
[beautifytools.com/css/site_speed_checker.css]
[beautifytools.com/css/social_popularity_checker.css]
[beautifytools.com/css/text_to_code_ratio_checker.css]
[beautifytools.com/css/hostname_lookup.css]
[beautifytools.com/css/ip_location_finder.css]
[beautifytools.com/css/mx_lookup.css]
[beautifytools.com/css/nameserver_lookup.css]
[beautifytools.com/css/open_port_checker.css]
[beautifytools.com/css/site_ip_checker.css]
[beautifytools.com/css/website_location_finder.css]
[beautifytools.com/css/privacy.css]
[beautifytools.com/js/privacy.js]
[beautifytools.com/css/images/ui-bg_flat_75_ffffff_40x100.html]
[beautifytools.com/css/images/ui-bg_highlight-soft_75_cccccc_1x100.html]
[beautifytools.com/css/images/ui-bg_glass_75_e6e6e6_1x400.html]
[beautifytools.com/css/images/ui-bg_glass_75_dadada_1x400.html]
[beautifytools.com/css/images/ui-bg_glass_65_ffffff_1x400.html]
[beautifytools.com/css/images/ui-bg_glass_55_fbf9ee_1x400.html]
[beautifytools.com/css/images/ui-bg_glass_95_fef1ec_1x400.html]
[beautifytools.com/css/images/ui-icons_222222_256x240.html]
[beautifytools.com/css/images/ui-icons_888888_256x240.html]
[beautifytools.com/css/images/ui-icons_454545_256x240.html]
[beautifytools.com/css/images/ui-icons_2e83ff_256x240.html]
[beautifytools.com/css/images/ui-icons_cd0a0a_256x240.html]
[beautifytools.com/css/images/ui-bg_flat_0_aaaaaa_40x100.html]
[beautifytools.com/js/js-xlsx/cpexcel.js]
